V3 3
FL "C:/Users/Familia/Dropbox/Escuela Ram/Ingenieria/6to semestre/Diseno Digital Moderno/Laboratorio/Practica7/Pract7.vhd" 2018/04/22.11:40:45 I.31
EN work/Pract7 1526832992 \
      FL "C:/Users/Familia/Dropbox/Escuela Ram/Ingenieria/6to semestre/Diseno Digital Moderno/Laboratorio/Practica7/Pract7.vhd" \
      PB ieee/std_logic_1164 1147274808 PB ieee/std_logic_arith 1147274810 \
      PB ieee/STD_LOGIC_UNSIGNED 1147274814
AR work/Pract7/Behavioral 1526832993 \
      FL "C:/Users/Familia/Dropbox/Escuela Ram/Ingenieria/6to semestre/Diseno Digital Moderno/Laboratorio/Practica7/Pract7.vhd" \
      EN work/Pract7 1526832992
