AR pract7 behavioral "C:/Users/Familia/Dropbox/Escuela Ram/Ingenieria/6to semestre/Diseno Digital Moderno/Laboratorio/Practica7/Pract7.vhd" sub00/vhpl01 1524416057
EN pract7 NULL "C:/Users/Familia/Dropbox/Escuela Ram/Ingenieria/6to semestre/Diseno Digital Moderno/Laboratorio/Practica7/Pract7.vhd" sub00/vhpl00 1524416056
AR prac7 testbench_arch "C:/Users/Familia/Dropbox/Escuela Ram/Ingenieria/6to semestre/Diseno Digital Moderno/Laboratorio/Practica7/Prac7.vhw" sub00/vhpl03 1524416059
EN prac7 NULL "C:/Users/Familia/Dropbox/Escuela Ram/Ingenieria/6to semestre/Diseno Digital Moderno/Laboratorio/Practica7/Prac7.vhw" sub00/vhpl02 1524416058
