AR prac3 behavioral "G:/Laboratorio Diseno Digital/prac3/prac3.vhd" sub00/vhpl01 1520632831
EN prac312 NULL "G:/Laboratorio Diseno Digital/prac3/prac312.vhw" sub00/vhpl02 1520633026
EN prac3 NULL "G:/Laboratorio Diseno Digital/prac3/prac3.vhd" sub00/vhpl00 1520632830
AR prac312 testbench_arch "G:/Laboratorio Diseno Digital/prac3/prac312.vhw" sub00/vhpl03 1520633027
