EN p4 NULL "C:/Users/Familia/Dropbox/Escuela Ram/Ingenieria/6to semestre/Diseno Digital Moderno/Laboratorio/Practica4/p4.vhw" sub00/vhpl00 1523232688
AR p4 testbench_arch "C:/Users/Familia/Dropbox/Escuela Ram/Ingenieria/6to semestre/Diseno Digital Moderno/Laboratorio/Practica4/p4.vhw" sub00/vhpl01 1523232689
AR pr4 behavioral "C:/Users/Familia/Dropbox/Escuela Ram/Ingenieria/6to semestre/Diseno Digital Moderno/Laboratorio/Practica4/pr4.vhd" sub00/vhpl05 1523234378
EN practica4 NULL "C:/Users/Familia/Dropbox/Escuela Ram/Ingenieria/6to semestre/Diseno Digital Moderno/Laboratorio/Practica4/practica4.vhw" sub00/vhpl02 1523234379
AR practica4 testbench_arch "C:/Users/Familia/Dropbox/Escuela Ram/Ingenieria/6to semestre/Diseno Digital Moderno/Laboratorio/Practica4/practica4.vhw" sub00/vhpl03 1523234380
EN pr4 NULL "C:/Users/Familia/Dropbox/Escuela Ram/Ingenieria/6to semestre/Diseno Digital Moderno/Laboratorio/Practica4/pr4.vhd" sub00/vhpl04 1523234377
