AR flipflop behavioral "C:/Users/Familia/Dropbox/Escuela Ram/Ingenieria/6to semestre/Diseno Digital Moderno/Laboratorio/Practica10_cyberse/flipflop.vhd" sub00/vhpl01 1526329408
AR pract7 behavioral "C:/Users/Familia/Dropbox/Escuela Ram/Ingenieria/6to semestre/Diseno Digital Moderno/Laboratorio/Practica7/Pract7.vhd" sub00/vhpl03 1526938672
EN divisor NULL "C:/Users/Familia/Dropbox/Escuela Ram/Ingenieria/6to semestre/Diseno Digital Moderno/Laboratorio/Practica9_Cyberse/Divisor.vhd" sub00/vhpl04 1526938673
AR divisor behavioral "C:/Users/Familia/Dropbox/Escuela Ram/Ingenieria/6to semestre/Diseno Digital Moderno/Laboratorio/Practica9_Cyberse/Divisor.vhd" sub00/vhpl05 1526938674
EN pract7 NULL "C:/Users/Familia/Dropbox/Escuela Ram/Ingenieria/6to semestre/Diseno Digital Moderno/Laboratorio/Practica7/Pract7.vhd" sub00/vhpl02 1526938671
MO Practica10 NULL Practica10.vf vlg1C/_practica10.bin 1526938671
EN flipflop NULL "C:/Users/Familia/Dropbox/Escuela Ram/Ingenieria/6to semestre/Diseno Digital Moderno/Laboratorio/Practica10_cyberse/flipflop.vhd" sub00/vhpl00 1526329407
