EN mux81 NULL "C:/Users/Familia/Dropbox/Escuela Ram/Ingenieria/6to semestre/Diseno Digital Moderno/Laboratorio/PracticaMultiplexores/Mux81.vhd" sub00/vhpl00 1524953007
AR mux81 behavioral "C:/Users/Familia/Dropbox/Escuela Ram/Ingenieria/6to semestre/Diseno Digital Moderno/Laboratorio/PracticaMultiplexores/Mux81.vhd" sub00/vhpl01 1524953008
AR mux21 behavioral "C:/Users/Familia/Dropbox/Escuela Ram/Ingenieria/6to semestre/Diseno Digital Moderno/Laboratorio/PracticaMultiplexores/Mux21.vhd" sub00/vhpl03 1524952740
EN mux21 NULL "C:/Users/Familia/Dropbox/Escuela Ram/Ingenieria/6to semestre/Diseno Digital Moderno/Laboratorio/PracticaMultiplexores/Mux21.vhd" sub00/vhpl02 1524952739
