MO pr2 NULL "C:\Users\Familia\Dropbox\Escuela Ram\Ingenieria\6to semestre\Diseno Digital Moderno\Laboratorio\practica2/pr2.vf" vlg5C/pr2.bin 1526829120
MO glbl NULL C:/Xilinx/verilog/src/glbl.v vlg2D/glbl.bin 1526829122
MO pac2 NULL "C:\Users\Familia\Dropbox\Escuela Ram\Ingenieria\6to semestre\Diseno Digital Moderno\Laboratorio\practica2/pac2.tfw" vlg4A/pac2.bin 1526829121
