AR pr4 behavioral "C:/Users/Familia/Dropbox/Escuela Ram/Ingenieria/6to semestre/Diseno Digital Moderno/Laboratorio/Practica4/pr4.vhd" sub00/vhpl01 1523237712
EN pr4 NULL "C:/Users/Familia/Dropbox/Escuela Ram/Ingenieria/6to semestre/Diseno Digital Moderno/Laboratorio/Practica4/pr4.vhd" sub00/vhpl00 1523237711
