EN mux81 NULL "C:/Users/Familia/Dropbox/Escuela Ram/Ingenieria/6to semestre/Diseno Digital Moderno/Laboratorio/Practica8/Mux81.vhd" sub00/vhpl02 1524517024
AR prac8 behavioral "C:/Users/Familia/Dropbox/Escuela Ram/Ingenieria/6to semestre/Diseno Digital Moderno/Laboratorio/Practica8/1.vhd" sub00/vhpl01 1524516469
AR mux81 behavioral "C:/Users/Familia/Dropbox/Escuela Ram/Ingenieria/6to semestre/Diseno Digital Moderno/Laboratorio/Practica8/Mux81.vhd" sub00/vhpl03 1524517025
AR mux21 behavioral "C:/Users/Familia/Dropbox/Escuela Ram/Ingenieria/6to semestre/Diseno Digital Moderno/Laboratorio/Practica8/Mux21.vhd" sub00/vhpl05 1524517031
EN mux21 NULL "C:/Users/Familia/Dropbox/Escuela Ram/Ingenieria/6to semestre/Diseno Digital Moderno/Laboratorio/Practica8/Mux21.vhd" sub00/vhpl04 1524517030
EN prac8 NULL "C:/Users/Familia/Dropbox/Escuela Ram/Ingenieria/6to semestre/Diseno Digital Moderno/Laboratorio/Practica8/1.vhd" sub00/vhpl00 1524516468
