MO simulatzion NULL C:\Users\Alumno\Downloads\practica1/simulatzion.ant vlg27/simulatzion.bin 1519684478
MO practica1 NULL "C:\Users\Familia\Dropbox\Escuela Ram\Ingenieria\6to semestre\Diseno Digital Moderno\Laboratorio\practica1/practica1.tfw" vlg1C/practica1.bin 1523814635
MO glbl NULL C:/Xilinx/verilog/src/glbl.v vlg2D/glbl.bin 1523814636
MO PracCompu NULL "C:\Users\Familia\Dropbox\Escuela Ram\Ingenieria\6to semestre\Diseno Digital Moderno\Laboratorio\practica1/PracCompu.vf" vlg52/_prac_compu.bin 1526827849
