EN fa NULL "C:/Users/Familia/Dropbox/Escuela Ram/Ingenieria/6to semestre/Diseno Digital Moderno/Laboratorio/Practica6/Practica6/fa.vhd" sub00/vhpl02 1523307172
EN ha NULL "C:/Users/Familia/Dropbox/Escuela Ram/Ingenieria/6to semestre/Diseno Digital Moderno/Laboratorio/Practica6/Practica6/ha.vhd" sub00/vhpl00 1523306969
AR ha behavioral "C:/Users/Familia/Dropbox/Escuela Ram/Ingenieria/6to semestre/Diseno Digital Moderno/Laboratorio/Practica6/Practica6/ha.vhd" sub00/vhpl01 1523306970
AR fa behavioral "C:/Users/Familia/Dropbox/Escuela Ram/Ingenieria/6to semestre/Diseno Digital Moderno/Laboratorio/Practica6/Practica6/fa.vhd" sub00/vhpl03 1523307173
